README.md: OK
baseline/custom.c: OK
custom.c: OK
licenses/CLIENT-MODIFICATIONS.md: OK
licenses/Prior-MSI-MODIFICATIONS.md: OK
licenses/Wine-CONTRIBUTING.md: OK
licenses/Wine-COPYING.LIB: OK
licenses/Wine-LICENSE-MADEIRA.md: OK
msi-client-failure.patch: OK
reports/apply-check/dlls/msi/custom.c: OK
reports/baseline/client-tests: OK
reports/baseline/compile.log: OK
reports/baseline/manifest.json: OK
reports/baseline/production.inc: OK
reports/baseline/test.log: OK
reports/cross-compile/aarch64-file-headers.log: OK
reports/cross-compile/aarch64.log: OK
reports/cross-compile/arm64ec-file-headers.log: OK
reports/cross-compile/arm64ec.log: OK
reports/cross-compile/custom-aarch64.o: OK
reports/cross-compile/custom-arm64ec.o: OK
reports/cross-compile/manifest.json: OK
reports/independent-review.md: OK
reports/patch-application.json: OK
reports/patched/client-tests: OK
reports/patched/compile.log: OK
reports/patched/manifest.json: OK
reports/patched/production.inc: OK
reports/patched/test.log: OK
reports/preservation.json: OK
reports/sanitized/client-tests: OK
reports/sanitized/compile.log: OK
reports/sanitized/manifest.json: OK
reports/sanitized/production.inc: OK
reports/sanitized/test.log: OK
reports/sealed-workspace-before.json: OK
source-manifest.json: OK
tests/compile_production.py: OK
tests/portable_harness.c: OK
tests/run_portable.py: OK
tests/verify.py: OK
