AUTHORIZATION_SCOPE.txt: OK
README.md: OK
audit_extension.py: OK
audit_helper_imports.py: OK
build-command.json: OK
build-result.json: OK
build_extension.py: OK
combined-build-result.json: OK
configure-command.json: OK
experimental-i386-candidate/activeds.dll: OK
experimental-i386-candidate/advapi32.dll: OK
experimental-i386-candidate/advpack.dll: OK
experimental-i386-candidate/apisetschema.dll: OK
experimental-i386-candidate/bcrypt.dll: OK
experimental-i386-candidate/cabinet.dll: OK
experimental-i386-candidate/cfgmgr32.dll: OK
experimental-i386-candidate/combase.dll: OK
experimental-i386-candidate/comctl32.dll: OK
experimental-i386-candidate/comdlg32.dll: OK
experimental-i386-candidate/coml2.dll: OK
experimental-i386-candidate/compstui.dll: OK
experimental-i386-candidate/crypt32.dll: OK
experimental-i386-candidate/cryptbase.dll: OK
experimental-i386-candidate/cryptnet.dll: OK
experimental-i386-candidate/cryptsp.dll: OK
experimental-i386-candidate/cryptui.dll: OK
experimental-i386-candidate/dbghelp.dll: OK
experimental-i386-candidate/dhcpcsvc.dll: OK
experimental-i386-candidate/dinput8.dll: OK
experimental-i386-candidate/dnsapi.dll: OK
experimental-i386-candidate/gdi32.dll: OK
experimental-i386-candidate/gdiplus.dll: OK
experimental-i386-candidate/hid.dll: OK
experimental-i386-candidate/ieframe.dll: OK
experimental-i386-candidate/imagehlp.dll: OK
experimental-i386-candidate/imm32.dll: OK
experimental-i386-candidate/iphlpapi.dll: OK
experimental-i386-candidate/kernel32.dll: OK
experimental-i386-candidate/kernelbase.dll: OK
experimental-i386-candidate/mlang.dll: OK
experimental-i386-candidate/mpr.dll: OK
experimental-i386-candidate/msacm32.dll: OK
experimental-i386-candidate/msi.dll: OK
experimental-i386-candidate/msiexec.exe: OK
experimental-i386-candidate/mspatcha.dll: OK
experimental-i386-candidate/msvcrt.dll: OK
experimental-i386-candidate/netapi32.dll: OK
experimental-i386-candidate/netutils.dll: OK
experimental-i386-candidate/nsi.dll: OK
experimental-i386-candidate/ntdll.dll: OK
experimental-i386-candidate/odbccp32.dll: OK
experimental-i386-candidate/ole32.dll: OK
experimental-i386-candidate/oleacc.dll: OK
experimental-i386-candidate/oleaut32.dll: OK
experimental-i386-candidate/propsys.dll: OK
experimental-i386-candidate/regsvr32.exe: OK
experimental-i386-candidate/riched20.dll: OK
experimental-i386-candidate/rpcrt4.dll: OK
experimental-i386-candidate/sechost.dll: OK
experimental-i386-candidate/secur32.dll: OK
experimental-i386-candidate/setupapi.dll: OK
experimental-i386-candidate/shcore.dll: OK
experimental-i386-candidate/shdocvw.dll: OK
experimental-i386-candidate/shell32.dll: OK
experimental-i386-candidate/shlwapi.dll: OK
experimental-i386-candidate/sspicli.dll: OK
experimental-i386-candidate/stdole2.tlb: OK
experimental-i386-candidate/sxs.dll: OK
experimental-i386-candidate/ucrtbase.dll: OK
experimental-i386-candidate/urlmon.dll: OK
experimental-i386-candidate/user32.dll: OK
experimental-i386-candidate/userenv.dll: OK
experimental-i386-candidate/version.dll: OK
experimental-i386-candidate/win32u.dll: OK
experimental-i386-candidate/windowscodecs.dll: OK
experimental-i386-candidate/wininet.dll: OK
experimental-i386-candidate/winmm.dll: OK
experimental-i386-candidate/winspool.drv: OK
experimental-i386-candidate/wintrust.dll: OK
experimental-i386-candidate/ws2_32.dll: OK
gate-summary.json: OK
i386-build.log: OK
i386-helper-imports.json: OK
i386-licenses/Madeira-THIRD-PARTY-NOTICES.md: OK
i386-licenses/NOTICE.txt: OK
i386-licenses/Wine-COPYING.LIB: OK
i386-licenses/Wine-LICENSE-MADEIRA.md: OK
i386-licenses/compiler-rt-LICENSE.TXT: OK
i386-licenses/jpeg-LICENSE: OK
i386-licenses/musl-COPYRIGHT: OK
i386-licenses/png-LICENSE: OK
i386-licenses/tiff-COPYRIGHT: OK
i386-licenses/tomcrypt-LICENSE: OK
i386-licenses/zlib-LICENSE: OK
i386-readobj/activeds.dll.txt: OK
i386-readobj/advapi32.dll.txt: OK
i386-readobj/advpack.dll.txt: OK
i386-readobj/apisetschema.dll.txt: OK
i386-readobj/bcrypt.dll.txt: OK
i386-readobj/cabinet.dll.txt: OK
i386-readobj/cfgmgr32.dll.txt: OK
i386-readobj/combase.dll.txt: OK
i386-readobj/comctl32.dll.txt: OK
i386-readobj/comdlg32.dll.txt: OK
i386-readobj/coml2.dll.txt: OK
i386-readobj/compstui.dll.txt: OK
i386-readobj/crypt32.dll.txt: OK
i386-readobj/cryptbase.dll.txt: OK
i386-readobj/cryptnet.dll.txt: OK
i386-readobj/cryptsp.dll.txt: OK
i386-readobj/cryptui.dll.txt: OK
i386-readobj/dbghelp.dll.txt: OK
i386-readobj/dhcpcsvc.dll.txt: OK
i386-readobj/dinput8.dll.txt: OK
i386-readobj/dnsapi.dll.txt: OK
i386-readobj/gdi32.dll.txt: OK
i386-readobj/gdiplus.dll.txt: OK
i386-readobj/hid.dll.txt: OK
i386-readobj/ieframe.dll.txt: OK
i386-readobj/imagehlp.dll.txt: OK
i386-readobj/imm32.dll.txt: OK
i386-readobj/iphlpapi.dll.txt: OK
i386-readobj/kernel32.dll.txt: OK
i386-readobj/kernelbase.dll.txt: OK
i386-readobj/mlang.dll.txt: OK
i386-readobj/mpr.dll.txt: OK
i386-readobj/msacm32.dll.txt: OK
i386-readobj/msi.dll.txt: OK
i386-readobj/msiexec.exe.txt: OK
i386-readobj/mspatcha.dll.txt: OK
i386-readobj/msvcrt.dll.txt: OK
i386-readobj/netapi32.dll.txt: OK
i386-readobj/netutils.dll.txt: OK
i386-readobj/nsi.dll.txt: OK
i386-readobj/ntdll.dll.txt: OK
i386-readobj/odbccp32.dll.txt: OK
i386-readobj/ole32.dll.txt: OK
i386-readobj/oleacc.dll.txt: OK
i386-readobj/oleaut32.dll.txt: OK
i386-readobj/propsys.dll.txt: OK
i386-readobj/regsvr32.exe.txt: OK
i386-readobj/riched20.dll.txt: OK
i386-readobj/rpcrt4.dll.txt: OK
i386-readobj/sechost.dll.txt: OK
i386-readobj/secur32.dll.txt: OK
i386-readobj/setupapi.dll.txt: OK
i386-readobj/shcore.dll.txt: OK
i386-readobj/shdocvw.dll.txt: OK
i386-readobj/shell32.dll.txt: OK
i386-readobj/shlwapi.dll.txt: OK
i386-readobj/sspicli.dll.txt: OK
i386-readobj/stdole2.tlb.txt: OK
i386-readobj/sxs.dll.txt: OK
i386-readobj/ucrtbase.dll.txt: OK
i386-readobj/urlmon.dll.txt: OK
i386-readobj/user32.dll.txt: OK
i386-readobj/userenv.dll.txt: OK
i386-readobj/version.dll.txt: OK
i386-readobj/win32u.dll.txt: OK
i386-readobj/windowscodecs.dll.txt: OK
i386-readobj/wininet.dll.txt: OK
i386-readobj/winmm.dll.txt: OK
i386-readobj/winspool.drv.txt: OK
i386-readobj/wintrust.dll.txt: OK
i386-readobj/ws2_32.dll.txt: OK
i386-static-audit.json: OK
i386-static-summary.json: OK
source-inputs.json: OK
toolchain-receipt.json: OK
tools.json: OK
unix-wow64-source-audit.json: OK
