README.md: OK
SOURCE-REBUILD.md: OK
build/madeira_cfg.h: OK
build-run.log: OK
build_msi_overlay.py: OK
candidate/aarch64-windows/cabinet.dll: OK
candidate/aarch64-windows/msi.dll: OK
candidate/aarch64-windows/msiexec.exe: OK
candidate/aarch64-windows/mspatcha.dll: OK
candidate/aarch64-windows/odbccp32.dll: OK
candidate/aarch64-windows/regsvr32.exe: OK
candidate/aarch64-windows/sxs.dll: OK
candidate/arm64ec-windows/cabinet.dll: OK
candidate/arm64ec-windows/msi.dll: OK
candidate/arm64ec-windows/msiexec.exe: OK
candidate/arm64ec-windows/mspatcha.dll: OK
candidate/arm64ec-windows/odbccp32.dll: OK
candidate/arm64ec-windows/regsvr32.exe: OK
candidate/arm64ec-windows/sxs.dll: OK
check_exe_audit.py: OK
evidence/aarch64-baseline-inventory.json: OK
evidence/aarch64-build.log: OK
evidence/aarch64-config.log: OK
evidence/aarch64-config.status: OK
evidence/aarch64-inventory.json: OK
evidence/aarch64-symbol-audit.json: OK
evidence/all-original-farm-files.json: OK
evidence/arm64ec-baseline-inventory.json: OK
evidence/arm64ec-build.log: OK
evidence/arm64ec-config.log: OK
evidence/arm64ec-config.status: OK
evidence/arm64ec-inventory.json: OK
evidence/arm64ec-symbol-audit.json: OK
evidence/build-status.json: OK
evidence/commands.json: OK
evidence/exe-audit-regressions.log: OK
evidence/host-tools.json: OK
evidence/original-preservation.json: OK
evidence/plan.json: OK
evidence/provenance.json: OK
evidence/readobj/aarch64-cabinet.txt: OK
evidence/readobj/aarch64-msi.txt: OK
evidence/readobj/aarch64-msiexec.txt: OK
evidence/readobj/aarch64-mspatcha.txt: OK
evidence/readobj/aarch64-odbccp32.txt: OK
evidence/readobj/aarch64-regsvr32.txt: OK
evidence/readobj/aarch64-sxs.txt: OK
evidence/readobj/arm64ec-cabinet.txt: OK
evidence/readobj/arm64ec-msi.txt: OK
evidence/readobj/arm64ec-msiexec.txt: OK
evidence/readobj/arm64ec-mspatcha.txt: OK
evidence/readobj/arm64ec-odbccp32.txt: OK
evidence/readobj/arm64ec-regsvr32.txt: OK
evidence/readobj/arm64ec-sxs.txt: OK
evidence/source-dependency-closure.json: OK
evidence/source-inputs.json: OK
evidence/summary.json: OK
evidence/symbol-audit-regressions.log: OK
evidence/toolchain-receipt.json: OK
licenses/Madeira-THIRD-PARTY-NOTICES.md: OK
licenses/Wine-LGPL-2.1.txt: OK
licenses/Wine-LICENSE-MADEIRA.md: OK
licenses/Wine-compiler-rt-LICENSE.txt: OK
licenses/Wine-zlib-LICENSE.txt: OK
licenses/Wine-zlib-header-with-notice.h: OK
licenses/llvm-mingw-20260421-LICENSE.TXT: OK
reference-inputs/COPYING: OK
reference-inputs/LICENSE: OK
reference-inputs/LICENSE-EXCEPTION.md: OK
reference-inputs/THIRD-PARTY-NOTICES.md: OK
reference-inputs/build/wine-pe/README.md: OK
reference-inputs/docs/BUILDING.md: OK
reference-inputs/docs/DESKTOP_OVERLAY_BUILD.md: OK
reference-inputs/tests/host/check-desktop-symbol-audit.py: OK
reference-inputs/tests/host/check-guest-dll-inventory.py: OK
tools/build_desktop.py: OK
tools/build_receipt.py: OK
tools/desktop-components.json: OK
tools/guest_inventory.py: OK
tools/symbol_audit.py: OK
