PREFLIGHT PASS
RUN /workspace/scratch/94ffb2b0bb2d/madeira-msi-patched-provider-build-20261005/wine/configure --enable-archs=aarch64 --without-x --without-vulkan --without-freetype --without-gnutls --without-gstreamer --disable-tests
RUN /usr/bin/make -j2 dlls/msi/aarch64-windows/msi.dll programs/msiexec/aarch64-windows/msiexec.exe dlls/cabinet/aarch64-windows/cabinet.dll dlls/sxs/aarch64-windows/sxs.dll dlls/mspatcha/aarch64-windows/mspatcha.dll dlls/odbccp32/aarch64-windows/odbccp32.dll programs/regsvr32/aarch64-windows/regsvr32.exe
RUN /workspace/scratch/94ffb2b0bb2d/madeira-desktop-overlay-build/toolchains/llvm-mingw-20260421-ucrt-ubuntu-22.04-x86_64/bin/aarch64-w64-mingw32-strip --strip-debug /workspace/scratch/94ffb2b0bb2d/madeira-msi-patched-provider-build-20261005/candidate/aarch64-windows/msi.dll
RUN /workspace/scratch/94ffb2b0bb2d/madeira-desktop-overlay-build/toolchains/llvm-mingw-20260421-ucrt-ubuntu-22.04-x86_64/bin/aarch64-w64-mingw32-strip --strip-debug /workspace/scratch/94ffb2b0bb2d/madeira-msi-patched-provider-build-20261005/candidate/aarch64-windows/msiexec.exe
RUN /workspace/scratch/94ffb2b0bb2d/madeira-desktop-overlay-build/toolchains/llvm-mingw-20260421-ucrt-ubuntu-22.04-x86_64/bin/aarch64-w64-mingw32-strip --strip-debug /workspace/scratch/94ffb2b0bb2d/madeira-msi-patched-provider-build-20261005/candidate/aarch64-windows/cabinet.dll
RUN /workspace/scratch/94ffb2b0bb2d/madeira-desktop-overlay-build/toolchains/llvm-mingw-20260421-ucrt-ubuntu-22.04-x86_64/bin/aarch64-w64-mingw32-strip --strip-debug /workspace/scratch/94ffb2b0bb2d/madeira-msi-patched-provider-build-20261005/candidate/aarch64-windows/sxs.dll
RUN /workspace/scratch/94ffb2b0bb2d/madeira-desktop-overlay-build/toolchains/llvm-mingw-20260421-ucrt-ubuntu-22.04-x86_64/bin/aarch64-w64-mingw32-strip --strip-debug /workspace/scratch/94ffb2b0bb2d/madeira-msi-patched-provider-build-20261005/candidate/aarch64-windows/mspatcha.dll
RUN /workspace/scratch/94ffb2b0bb2d/madeira-desktop-overlay-build/toolchains/llvm-mingw-20260421-ucrt-ubuntu-22.04-x86_64/bin/aarch64-w64-mingw32-strip --strip-debug /workspace/scratch/94ffb2b0bb2d/madeira-msi-patched-provider-build-20261005/candidate/aarch64-windows/odbccp32.dll
RUN /workspace/scratch/94ffb2b0bb2d/madeira-desktop-overlay-build/toolchains/llvm-mingw-20260421-ucrt-ubuntu-22.04-x86_64/bin/aarch64-w64-mingw32-strip --strip-debug /workspace/scratch/94ffb2b0bb2d/madeira-msi-patched-provider-build-20261005/candidate/aarch64-windows/regsvr32.exe
aarch64 STATIC AUDIT PASS {"checked_import_symbols": 664, "checked_export_forwarders": 0, "exports": 387}
RUN /workspace/scratch/94ffb2b0bb2d/madeira-msi-patched-provider-build-20261005/wine/configure --enable-archs=arm64ec --without-x --without-vulkan --without-freetype --without-gnutls --without-gstreamer --disable-tests
RUN /usr/bin/make -j2 dlls/msi/arm64ec-windows/msi.dll programs/msiexec/arm64ec-windows/msiexec.exe dlls/cabinet/arm64ec-windows/cabinet.dll dlls/sxs/arm64ec-windows/sxs.dll dlls/mspatcha/arm64ec-windows/mspatcha.dll dlls/odbccp32/arm64ec-windows/odbccp32.dll programs/regsvr32/arm64ec-windows/regsvr32.exe
RUN /workspace/scratch/94ffb2b0bb2d/madeira-desktop-overlay-build/toolchains/llvm-mingw-20260421-ucrt-ubuntu-22.04-x86_64/bin/arm64ec-w64-mingw32-strip --strip-debug /workspace/scratch/94ffb2b0bb2d/madeira-msi-patched-provider-build-20261005/candidate/arm64ec-windows/msi.dll
RUN /workspace/scratch/94ffb2b0bb2d/madeira-desktop-overlay-build/toolchains/llvm-mingw-20260421-ucrt-ubuntu-22.04-x86_64/bin/arm64ec-w64-mingw32-strip --strip-debug /workspace/scratch/94ffb2b0bb2d/madeira-msi-patched-provider-build-20261005/candidate/arm64ec-windows/msiexec.exe
RUN /workspace/scratch/94ffb2b0bb2d/madeira-desktop-overlay-build/toolchains/llvm-mingw-20260421-ucrt-ubuntu-22.04-x86_64/bin/arm64ec-w64-mingw32-strip --strip-debug /workspace/scratch/94ffb2b0bb2d/madeira-msi-patched-provider-build-20261005/candidate/arm64ec-windows/cabinet.dll
RUN /workspace/scratch/94ffb2b0bb2d/madeira-desktop-overlay-build/toolchains/llvm-mingw-20260421-ucrt-ubuntu-22.04-x86_64/bin/arm64ec-w64-mingw32-strip --strip-debug /workspace/scratch/94ffb2b0bb2d/madeira-msi-patched-provider-build-20261005/candidate/arm64ec-windows/sxs.dll
RUN /workspace/scratch/94ffb2b0bb2d/madeira-desktop-overlay-build/toolchains/llvm-mingw-20260421-ucrt-ubuntu-22.04-x86_64/bin/arm64ec-w64-mingw32-strip --strip-debug /workspace/scratch/94ffb2b0bb2d/madeira-msi-patched-provider-build-20261005/candidate/arm64ec-windows/mspatcha.dll
RUN /workspace/scratch/94ffb2b0bb2d/madeira-desktop-overlay-build/toolchains/llvm-mingw-20260421-ucrt-ubuntu-22.04-x86_64/bin/arm64ec-w64-mingw32-strip --strip-debug /workspace/scratch/94ffb2b0bb2d/madeira-msi-patched-provider-build-20261005/candidate/arm64ec-windows/odbccp32.dll
RUN /workspace/scratch/94ffb2b0bb2d/madeira-desktop-overlay-build/toolchains/llvm-mingw-20260421-ucrt-ubuntu-22.04-x86_64/bin/arm64ec-w64-mingw32-strip --strip-debug /workspace/scratch/94ffb2b0bb2d/madeira-msi-patched-provider-build-20261005/candidate/arm64ec-windows/regsvr32.exe
arm64ec STATIC AUDIT PASS {"checked_import_symbols": 666, "checked_export_forwarders": 0, "exports": 387}
RUN /workspace/scratch/94ffb2b0bb2d/madeira-msi-patched-provider-build-20261005/wine/configure --enable-archs=i386 --without-x --without-vulkan --without-freetype --without-gnutls --without-gstreamer --disable-tests
RUN /usr/bin/make -j2 dlls/msi/i386-windows/msi.dll
RUN /workspace/scratch/94ffb2b0bb2d/madeira-desktop-overlay-build/toolchains/llvm-mingw-20260421-ucrt-ubuntu-22.04-x86_64/bin/i686-w64-mingw32-strip --strip-debug /workspace/scratch/94ffb2b0bb2d/madeira-msi-patched-provider-build-20261005/candidate/i386-windows/msi.dll
i386 STATIC AUDIT PASS {"checked_import_symbols": 328, "checked_export_forwarders": 0, "exports": 296}
BUILD AND STATIC AUDIT COMPLETE
