success arch=32 PASS
success-S_FALSE arch=32 PASS
action-failure arch=32 PASS
action-cancel arch=32 PASS
action-arbitrary arch=32 PASS
action-no-more-items arch=32 PASS
action-suspend arch=32 PASS
COM-out-of-memory arch=32 PASS
COM-changed-mode arch=32 PASS
write-broken-pipe-clobber-zero arch=32 PASS
write-denied-clobber-other arch=32 PASS
write-false-zero-error arch=32 PASS
write-zero-count-zero-error arch=32 PASS
write-short-stale-error arch=32 PASS
write-short-S_FALSE arch=32 PASS
read-broken-pipe-clobber-zero arch=32 PASS
read-denied-clobber-other arch=32 PASS
read-false-zero-error arch=32 PASS
read-zero-count-zero-error arch=32 PASS
read-short-stale-error arch=32 PASS
read-short-S_FALSE arch=32 PASS
duplicate-error-clobber arch=32 PASS
duplicate-zero-error arch=32 PASS
wait-failed-error-clobber arch=32 PASS
wait-failed-zero-error arch=32 PASS
wait-unexpected-timeout-stale-error arch=32 PASS
wait-unexpected-abandoned arch=32 PASS
query-failed-error-clobber arch=32 PASS
query-failed-zero-error arch=32 PASS
success-cleanup-clobber arch=32 PASS
failure-cleanup-clobber arch=32 PASS
policy-write-failure-type=0 arch=32 PASS
policy-action-success-type=0 arch=32 PASS
policy-action-cancel-type=0 arch=32 PASS
policy-action-no-more-items-type=0 arch=32 PASS
policy-action-suspend-type=0 arch=32 PASS
policy-write-failure-type=64 arch=32 PASS
policy-action-success-type=64 arch=32 PASS
policy-action-cancel-type=64 arch=32 PASS
policy-action-no-more-items-type=64 arch=32 PASS
policy-action-suspend-type=64 arch=32 PASS
policy-write-failure-type=128 arch=32 PASS
policy-action-success-type=128 arch=32 PASS
policy-action-cancel-type=128 arch=32 PASS
policy-action-no-more-items-type=128 arch=32 PASS
policy-action-suspend-type=128 arch=32 PASS
policy-write-failure-type=192 arch=32 PASS
policy-action-success-type=192 arch=32 PASS
policy-action-cancel-type=192 arch=32 PASS
policy-action-no-more-items-type=192 arch=32 PASS
policy-action-suspend-type=192 arch=32 PASS
success arch=64 PASS
success-S_FALSE arch=64 PASS
action-failure arch=64 PASS
action-cancel arch=64 PASS
action-arbitrary arch=64 PASS
action-no-more-items arch=64 PASS
action-suspend arch=64 PASS
COM-out-of-memory arch=64 PASS
COM-changed-mode arch=64 PASS
write-broken-pipe-clobber-zero arch=64 PASS
write-denied-clobber-other arch=64 PASS
write-false-zero-error arch=64 PASS
write-zero-count-zero-error arch=64 PASS
write-short-stale-error arch=64 PASS
write-short-S_FALSE arch=64 PASS
read-broken-pipe-clobber-zero arch=64 PASS
read-denied-clobber-other arch=64 PASS
read-false-zero-error arch=64 PASS
read-zero-count-zero-error arch=64 PASS
read-short-stale-error arch=64 PASS
read-short-S_FALSE arch=64 PASS
duplicate-error-clobber arch=64 PASS
duplicate-zero-error arch=64 PASS
wait-failed-error-clobber arch=64 PASS
wait-failed-zero-error arch=64 PASS
wait-unexpected-timeout-stale-error arch=64 PASS
wait-unexpected-abandoned arch=64 PASS
query-failed-error-clobber arch=64 PASS
query-failed-zero-error arch=64 PASS
success-cleanup-clobber arch=64 PASS
failure-cleanup-clobber arch=64 PASS
policy-write-failure-type=0 arch=64 PASS
policy-action-success-type=0 arch=64 PASS
policy-action-cancel-type=0 arch=64 PASS
policy-action-no-more-items-type=0 arch=64 PASS
policy-action-suspend-type=0 arch=64 PASS
policy-write-failure-type=64 arch=64 PASS
policy-action-success-type=64 arch=64 PASS
policy-action-cancel-type=64 arch=64 PASS
policy-action-no-more-items-type=64 arch=64 PASS
policy-action-suspend-type=64 arch=64 PASS
policy-write-failure-type=128 arch=64 PASS
policy-action-success-type=128 arch=64 PASS
policy-action-cancel-type=128 arch=64 PASS
policy-action-no-more-items-type=128 arch=64 PASS
policy-action-suspend-type=128 arch=64 PASS
policy-write-failure-type=192 arch=64 PASS
policy-action-success-type=192 arch=64 PASS
policy-action-cancel-type=192 arch=64 PASS
policy-action-no-more-items-type=192 arch=64 PASS
policy-action-suspend-type=192 arch=64 PASS
RESULT: 102/102 passed; 0 failed
